// Jest Snapshot v1, https://goo.gl/fbAQLP

exports[`all tests Navitem Navitem component should render Navitem component 1`] = `
<div
  className="NavItem"
>
  <FontAwesomeIcon
    border={false}
    className=""
    fixedWidth={false}
    flip={null}
    icon={null}
    inverse={false}
    listItem={false}
    mask={null}
    pull={null}
    pulse={false}
    rotation={null}
    size={null}
    spin={false}
    swapOpacity={false}
    symbol={false}
    title=""
    transform={null}
  />
  <h2 />
</div>
`;
